[Done] exited with code=1 in 1.138 seconds

[Running] python -u "c:\Users\Pablo\Downloads\generador_secuencia.py"
Imagen generada en: c:\Users\Pablo\Downloads\secuencia1.png
Coordenadas en p xeles (x, y) de cada elemento:
[(182.1, 130.0), (224.2, 130.0), (266.2, 130.0), (308.3, 130.0), (350.4, 130.0), (392.5, 130.0), (434.6, 130.0), (476.7, 130.0), (518.8, 130.0), (560.8, 130.0), (602.9, 130.0), (645.0, 130.0), (687.1, 130.0), (729.2, 130.0), (771.2, 130.0), (813.3, 130.0), (855.4, 130.0), (897.5, 130.0), (939.6, 130.0), (981.7, 130.0), (1023.8, 130.0), (1065.8, 130.0), (1107.9, 130.0), (1150.0, 130.0), (1192.1, 130.0), (1234.2, 130.0), (1276.2, 130.0), (1318.3, 130.0), (1360.4, 130.0), (1402.5, 130.0), (1444.6, 130.0), (1486.7, 130.0), (1528.8, 130.0), (1570.8, 130.0), (1612.9, 130.0), (1655.0, 130.0), (1697.1, 130.0), (1739.2, 130.0), (1781.2, 130.0), (1823.3, 130.0), (1865.4, 130.0), (1907.5, 130.0), (1949.6, 130.0), (1991.7, 130.0), (2033.8, 130.0), (2075.8, 130.0), (2117.9, 130.0)]

[Done] exited with code=0 in 0.626 seconds

[Running] python -u "c:\Users\Pablo\Downloads\generador_secuencia.py"
Imagen generada en: c:\Users\Pablo\Downloads\secuencia2.png
Coordenadas en p xeles (x, y) de cada elemento:
[(182.1, 130.0), (224.2, 130.0), (266.2, 130.0), (308.3, 130.0), (350.4, 130.0), (392.5, 130.0), (434.6, 130.0), (476.7, 130.0), (518.8, 130.0), (560.8, 130.0), (602.9, 130.0), (645.0, 130.0), (687.1, 130.0), (729.2, 130.0), (771.2, 130.0), (813.3, 130.0), (855.4, 130.0), (897.5, 130.0), (939.6, 130.0), (981.7, 130.0), (1023.8, 130.0), (1065.8, 130.0), (1107.9, 130.0), (1150.0, 130.0), (1192.1, 130.0), (1234.2, 130.0), (1276.2, 130.0), (1318.3, 130.0), (1360.4, 130.0), (1402.5, 130.0), (1444.6, 130.0), (1486.7, 130.0), (1528.8, 130.0), (1570.8, 130.0), (1612.9, 130.0), (1655.0, 130.0), (1697.1, 130.0), (1739.2, 130.0), (1781.2, 130.0), (1823.3, 130.0), (1865.4, 130.0), (1907.5, 130.0), (1949.6, 130.0), (1991.7, 130.0), (2033.8, 130.0), (2075.8, 130.0), (2117.9, 130.0)]

[Done] exited with code=0 in 0.377 seconds

[Running] python -u "c:\Users\Pablo\Downloads\generador_secuencia.py"
  File "c:\Users\Pablo\Downloads\generador_secuencia.py", line 276
    secuencia = (
                ^
SyntaxError: '(' was never closed

[Done] exited with code=1 in 0.153 seconds

[Running] python -u "c:\Users\Pablo\Downloads\generador_secuencia.py"
Imagen generada en: c:\Users\Pablo\Downloads\secuencia3.png
Coordenadas en p xeles (x, y) de cada elemento:
[(182.1, 130.0), (224.2, 130.0), (266.2, 130.0), (308.3, 130.0), (350.4, 130.0), (392.5, 130.0), (434.6, 130.0), (476.7, 130.0), (518.8, 130.0), (560.8, 130.0), (602.9, 130.0), (645.0, 130.0), (687.1, 130.0), (729.2, 130.0), (771.2, 130.0), (813.3, 130.0), (855.4, 130.0), (897.5, 130.0), (939.6, 130.0), (981.7, 130.0), (1023.8, 130.0), (1065.8, 130.0), (1107.9, 130.0), (1150.0, 130.0), (1192.1, 130.0), (1234.2, 130.0), (1276.2, 130.0), (1318.3, 130.0), (1360.4, 130.0), (1402.5, 130.0), (1444.6, 130.0), (1486.7, 130.0), (1528.8, 130.0), (1570.8, 130.0), (1612.9, 130.0), (1655.0, 130.0), (1697.1, 130.0), (1739.2, 130.0), (1781.2, 130.0), (1823.3, 130.0), (1865.4, 130.0), (1907.5, 130.0), (1949.6, 130.0), (1991.7, 130.0), (2033.8, 130.0), (2075.8, 130.0), (2117.9, 130.0)]

[Done] exited with code=0 in 0.309 seconds

[Running] python -u "c:\Users\Pablo\Downloads\generador_secuencia.py"
Imagen generada en: c:\Users\Pablo\Downloads\secuencia4.png
Coordenadas en p xeles (x, y) de cada elemento:
[(182.1, 130.0), (224.2, 130.0), (266.2, 130.0), (308.3, 130.0), (350.4, 130.0), (392.5, 130.0), (434.6, 130.0), (476.7, 130.0), (518.8, 130.0), (560.8, 130.0), (602.9, 130.0), (645.0, 130.0), (687.1, 130.0), (729.2, 130.0), (771.2, 130.0), (813.3, 130.0), (855.4, 130.0), (897.5, 130.0), (939.6, 130.0), (981.7, 130.0), (1023.8, 130.0), (1065.8, 130.0), (1107.9, 130.0), (1150.0, 130.0), (1192.1, 130.0), (1234.2, 130.0), (1276.2, 130.0), (1318.3, 130.0), (1360.4, 130.0), (1402.5, 130.0), (1444.6, 130.0), (1486.7, 130.0), (1528.8, 130.0), (1570.8, 130.0), (1612.9, 130.0), (1655.0, 130.0), (1697.1, 130.0), (1739.2, 130.0), (1781.2, 130.0), (1823.3, 130.0), (1865.4, 130.0), (1907.5, 130.0), (1949.6, 130.0), (1991.7, 130.0), (2033.8, 130.0), (2075.8, 130.0), (2117.9, 130.0)]

[Done] exited with code=0 in 0.369 seconds

[Running] python -u "c:\Users\Pablo\Downloads\generador_secuencia.py"
Imagen generada en: c:\Users\Pablo\Downloads\secuencia5.png
Coordenadas en p xeles (x, y) de cada elemento:
[(182.1, 130.0), (224.2, 130.0), (266.2, 130.0), (308.3, 130.0), (350.4, 130.0), (392.5, 130.0), (434.6, 130.0), (476.7, 130.0), (518.8, 130.0), (560.8, 130.0), (602.9, 130.0), (645.0, 130.0), (687.1, 130.0), (729.2, 130.0), (771.2, 130.0), (813.3, 130.0), (855.4, 130.0), (897.5, 130.0), (939.6, 130.0), (981.7, 130.0), (1023.8, 130.0), (1065.8, 130.0), (1107.9, 130.0), (1150.0, 130.0), (1192.1, 130.0), (1234.2, 130.0), (1276.2, 130.0), (1318.3, 130.0), (1360.4, 130.0), (1402.5, 130.0), (1444.6, 130.0), (1486.7, 130.0), (1528.8, 130.0), (1570.8, 130.0), (1612.9, 130.0), (1655.0, 130.0), (1697.1, 130.0), (1739.2, 130.0), (1781.2, 130.0), (1823.3, 130.0), (1865.4, 130.0), (1907.5, 130.0), (1949.6, 130.0), (1991.7, 130.0), (2033.8, 130.0), (2075.8, 130.0), (2117.9, 130.0)]

[Done] exited with code=0 in 0.429 seconds


[Running] python -u "c:\Users\Pablo\Downloads\generador_secuencia.py"
Imagen generada en: c:\Users\Pablo\Downloads\secuencia6.png
Coordenadas en p xeles (x, y) de cada elemento:
[(182.1, 130.0), (224.2, 130.0), (266.2, 130.0), (308.3, 130.0), (350.4, 130.0), (392.5, 130.0), (434.6, 130.0), (476.7, 130.0), (518.8, 130.0), (560.8, 130.0), (602.9, 130.0), (645.0, 130.0), (687.1, 130.0), (729.2, 130.0), (771.2, 130.0), (813.3, 130.0), (855.4, 130.0), (897.5, 130.0), (939.6, 130.0), (981.7, 130.0), (1023.8, 130.0), (1065.8, 130.0), (1107.9, 130.0), (1150.0, 130.0), (1192.1, 130.0), (1234.2, 130.0), (1276.2, 130.0), (1318.3, 130.0), (1360.4, 130.0), (1402.5, 130.0), (1444.6, 130.0), (1486.7, 130.0), (1528.8, 130.0), (1570.8, 130.0), (1612.9, 130.0), (1655.0, 130.0), (1697.1, 130.0), (1739.2, 130.0), (1781.2, 130.0), (1823.3, 130.0), (1865.4, 130.0), (1907.5, 130.0), (1949.6, 130.0), (1991.7, 130.0), (2033.8, 130.0), (2075.8, 130.0), (2117.9, 130.0)]

[Done] exited with code=0 in 0.289 seconds

[Running] python -u "c:\Users\Pablo\Downloads\generador_secuencia.py"
Imagen generada en: c:\Users\Pablo\Downloads\secuencia7.png
Coordenadas en p xeles (x, y) de cada elemento:
[(182.1, 130.0), (224.2, 130.0), (266.2, 130.0), (308.3, 130.0), (350.4, 130.0), (392.5, 130.0), (434.6, 130.0), (476.7, 130.0), (518.8, 130.0), (560.8, 130.0), (602.9, 130.0), (645.0, 130.0), (687.1, 130.0), (729.2, 130.0), (771.2, 130.0), (813.3, 130.0), (855.4, 130.0), (897.5, 130.0), (939.6, 130.0), (981.7, 130.0), (1023.8, 130.0), (1065.8, 130.0), (1107.9, 130.0), (1150.0, 130.0), (1192.1, 130.0), (1234.2, 130.0), (1276.2, 130.0), (1318.3, 130.0), (1360.4, 130.0), (1402.5, 130.0), (1444.6, 130.0), (1486.7, 130.0), (1528.8, 130.0), (1570.8, 130.0), (1612.9, 130.0), (1655.0, 130.0), (1697.1, 130.0), (1739.2, 130.0), (1781.2, 130.0), (1823.3, 130.0), (1865.4, 130.0), (1907.5, 130.0), (1949.6, 130.0), (1991.7, 130.0), (2033.8, 130.0), (2075.8, 130.0), (2117.9, 130.0)]

[Done] exited with code=0 in 0.251 seconds

[Running] python -u "c:\Users\Pablo\Downloads\generador_secuencia.py"
Imagen generada en: c:\Users\Pablo\Downloads\secuencia8.png
Coordenadas en p xeles (x, y) de cada elemento:
[(182.1, 130.0), (224.2, 130.0), (266.2, 130.0), (308.3, 130.0), (350.4, 130.0), (392.5, 130.0), (434.6, 130.0), (476.7, 130.0), (518.8, 130.0), (560.8, 130.0), (602.9, 130.0), (645.0, 130.0), (687.1, 130.0), (729.2, 130.0), (771.2, 130.0), (813.3, 130.0), (855.4, 130.0), (897.5, 130.0), (939.6, 130.0), (981.7, 130.0), (1023.8, 130.0), (1065.8, 130.0), (1107.9, 130.0), (1150.0, 130.0), (1192.1, 130.0), (1234.2, 130.0), (1276.2, 130.0), (1318.3, 130.0), (1360.4, 130.0), (1402.5, 130.0), (1444.6, 130.0), (1486.7, 130.0), (1528.8, 130.0), (1570.8, 130.0), (1612.9, 130.0), (1655.0, 130.0), (1697.1, 130.0), (1739.2, 130.0), (1781.2, 130.0), (1823.3, 130.0), (1865.4, 130.0), (1907.5, 130.0), (1949.6, 130.0), (1991.7, 130.0), (2033.8, 130.0), (2075.8, 130.0), (2117.9, 130.0)]

[Done] exited with code=0 in 0.422 seconds

[Running] python -u "c:\Users\Pablo\Downloads\generador_secuencia.py"
Imagen generada en: c:\Users\Pablo\Downloads\secuencia9.png
Coordenadas en p xeles (x, y) de cada elemento:
[(182.1, 130.0), (224.2, 130.0), (266.2, 130.0), (308.3, 130.0), (350.4, 130.0), (392.5, 130.0), (434.6, 130.0), (476.7, 130.0), (518.8, 130.0), (560.8, 130.0), (602.9, 130.0), (645.0, 130.0), (687.1, 130.0), (729.2, 130.0), (771.2, 130.0), (813.3, 130.0), (855.4, 130.0), (897.5, 130.0), (939.6, 130.0), (981.7, 130.0), (1023.8, 130.0), (1065.8, 130.0), (1107.9, 130.0), (1150.0, 130.0), (1192.1, 130.0), (1234.2, 130.0), (1276.2, 130.0), (1318.3, 130.0), (1360.4, 130.0), (1402.5, 130.0), (1444.6, 130.0), (1486.7, 130.0), (1528.8, 130.0), (1570.8, 130.0), (1612.9, 130.0), (1655.0, 130.0), (1697.1, 130.0), (1739.2, 130.0), (1781.2, 130.0), (1823.3, 130.0), (1865.4, 130.0), (1907.5, 130.0), (1949.6, 130.0), (1991.7, 130.0), (2033.8, 130.0), (2075.8, 130.0), (2117.9, 130.0)]

[Done] exited with code=0 in 0.738 seconds

[Running] python -u "c:\Users\Pablo\Downloads\generador_secuencia.py"
Imagen generada en: c:\Users\Pablo\Downloads\secuencia10.png
Coordenadas en p xeles (x, y) de cada elemento:
[(182.1, 130.0), (224.2, 130.0), (266.2, 130.0), (308.3, 130.0), (350.4, 130.0), (392.5, 130.0), (434.6, 130.0), (476.7, 130.0), (518.8, 130.0), (560.8, 130.0), (602.9, 130.0), (645.0, 130.0), (687.1, 130.0), (729.2, 130.0), (771.2, 130.0), (813.3, 130.0), (855.4, 130.0), (897.5, 130.0), (939.6, 130.0), (981.7, 130.0), (1023.8, 130.0), (1065.8, 130.0), (1107.9, 130.0), (1150.0, 130.0), (1192.1, 130.0), (1234.2, 130.0), (1276.2, 130.0), (1318.3, 130.0), (1360.4, 130.0), (1402.5, 130.0), (1444.6, 130.0), (1486.7, 130.0), (1528.8, 130.0), (1570.8, 130.0), (1612.9, 130.0), (1655.0, 130.0), (1697.1, 130.0), (1739.2, 130.0), (1781.2, 130.0), (1823.3, 130.0), (1865.4, 130.0), (1907.5, 130.0), (1949.6, 130.0), (1991.7, 130.0), (2033.8, 130.0), (2075.8, 130.0), (2117.9, 130.0)]

[Done] exited with code=0 in 0.431 seconds

[Running] python -u "c:\Users\Pablo\Downloads\generador_secuencia.py"
Imagen generada en: c:\Users\Pablo\Downloads\secuencia11.png
Coordenadas en p xeles (x, y) de cada elemento:
[(182.1, 130.0), (224.2, 130.0), (266.2, 130.0), (308.3, 130.0), (350.4, 130.0), (392.5, 130.0), (434.6, 130.0), (476.7, 130.0), (518.8, 130.0), (560.8, 130.0), (602.9, 130.0), (645.0, 130.0), (687.1, 130.0), (729.2, 130.0), (771.2, 130.0), (813.3, 130.0), (855.4, 130.0), (897.5, 130.0), (939.6, 130.0), (981.7, 130.0), (1023.8, 130.0), (1065.8, 130.0), (1107.9, 130.0), (1150.0, 130.0), (1192.1, 130.0), (1234.2, 130.0), (1276.2, 130.0), (1318.3, 130.0), (1360.4, 130.0), (1402.5, 130.0), (1444.6, 130.0), (1486.7, 130.0), (1528.8, 130.0), (1570.8, 130.0), (1612.9, 130.0), (1655.0, 130.0), (1697.1, 130.0), (1739.2, 130.0), (1781.2, 130.0), (1823.3, 130.0), (1865.4, 130.0), (1907.5, 130.0), (1949.6, 130.0), (1991.7, 130.0), (2033.8, 130.0), (2075.8, 130.0), (2117.9, 130.0)]

[Done] exited with code=0 in 0.467 seconds

[Running] python -u "c:\Users\Pablo\Downloads\generador_secuencia.py"
Imagen generada en: c:\Users\Pablo\Downloads\secuencia11.png
Coordenadas en p xeles (x, y) de cada elemento:
[(182.1, 130.0), (224.2, 130.0), (266.2, 130.0), (308.3, 130.0), (350.4, 130.0), (392.5, 130.0), (434.6, 130.0), (476.7, 130.0), (518.8, 130.0), (560.8, 130.0), (602.9, 130.0), (645.0, 130.0), (687.1, 130.0), (729.2, 130.0), (771.2, 130.0), (813.3, 130.0), (855.4, 130.0), (897.5, 130.0), (939.6, 130.0), (981.7, 130.0), (1023.8, 130.0), (1065.8, 130.0), (1107.9, 130.0), (1150.0, 130.0), (1192.1, 130.0), (1234.2, 130.0), (1276.2, 130.0), (1318.3, 130.0), (1360.4, 130.0), (1402.5, 130.0), (1444.6, 130.0), (1486.7, 130.0), (1528.8, 130.0), (1570.8, 130.0), (1612.9, 130.0), (1655.0, 130.0), (1697.1, 130.0), (1739.2, 130.0), (1781.2, 130.0), (1823.3, 130.0), (1865.4, 130.0), (1907.5, 130.0), (1949.6, 130.0), (1991.7, 130.0), (2033.8, 130.0), (2075.8, 130.0), (2117.9, 130.0)]

[Done] exited with code=0 in 0.835 seconds

[Running] python -u "c:\Users\Pablo\Downloads\generador_secuencia.py"
Imagen generada en: c:\Users\Pablo\Downloads\secuencia12.png

[(182.1, 130.0), (224.2, 130.0), (266.2, 130.0), (308.3, 130.0), (350.4, 130.0), (392.5, 130.0), (434.6, 130.0), (476.7, 130.0), (518.8, 130.0), (560.8, 130.0), (602.9, 130.0), (645.0, 130.0), (687.1, 130.0), (729.2, 130.0), (771.2, 130.0), (813.3, 130.0), (855.4, 130.0), (897.5, 130.0), (939.6, 130.0), (981.7, 130.0), (1023.8, 130.0), (1065.8, 130.0), (1107.9, 130.0), (1150.0, 130.0), (1192.1, 130.0), (1234.2, 130.0), (1276.2, 130.0), (1318.3, 130.0), (1360.4, 130.0), (1402.5, 130.0), (1444.6, 130.0), (1486.7, 130.0), (1528.8, 130.0), (1570.8, 130.0), (1612.9, 130.0), (1655.0, 130.0), (1697.1, 130.0), (1739.2, 130.0), (1781.2, 130.0), (1823.3, 130.0), (1865.4, 130.0), (1907.5, 130.0), (1949.6, 130.0), (1991.7, 130.0), (2033.8, 130.0), (2075.8, 130.0), (2117.9, 130.0)]

[Done] exited with code=0 in 0.835 seconds

[Running] python -u "c:\Users\Pablo\Downloads\generador_secuencia.py"
Imagen generada en: c:\Users\Pablo\Downloads\secuencia13.png
Coordenadas en p xeles (x, y) de cada elemento:
[(182.1, 130.0), (224.2, 130.0), (266.2, 130.0), (308.3, 130.0), (350.4, 130.0), (392.5, 130.0), (434.6, 130.0), (476.7, 130.0), (518.8, 130.0), (560.8, 130.0), (602.9, 130.0), (645.0, 130.0), (687.1, 130.0), (729.2, 130.0), (771.2, 130.0), (813.3, 130.0), (855.4, 130.0), (897.5, 130.0), (939.6, 130.0), (981.7, 130.0), (1023.8, 130.0), (1065.8, 130.0), (1107.9, 130.0), (1150.0, 130.0), (1192.1, 130.0), (1234.2, 130.0), (1276.2, 130.0), (1318.3, 130.0), (1360.4, 130.0), (1402.5, 130.0), (1444.6, 130.0), (1486.7, 130.0), (1528.8, 130.0), (1570.8, 130.0), (1612.9, 130.0), (1655.0, 130.0), (1697.1, 130.0), (1739.2, 130.0), (1781.2, 130.0), (1823.3, 130.0), (1865.4, 130.0), (1907.5, 130.0), (1949.6, 130.0), (1991.7, 130.0), (2033.8, 130.0), (2075.8, 130.0), (2117.9, 130.0)]

[Done] exited with code=0 in 0.4 seconds

[Running] python -u "c:\Users\Pablo\Downloads\generador_secuencia.py"
Imagen generada en: c:\Users\Pablo\Downloads\secuencia14.png
Coordenadas en p xeles (x, y) de cada elemento:
[(182.1, 130.0), (224.2, 130.0), (266.2, 130.0), (308.3, 130.0), (350.4, 130.0), (392.5, 130.0), (434.6, 130.0), (476.7, 130.0), (518.8, 130.0), (560.8, 130.0), (602.9, 130.0), (645.0, 130.0), (687.1, 130.0), (729.2, 130.0), (771.2, 130.0), (813.3, 130.0), (855.4, 130.0), (897.5, 130.0), (939.6, 130.0), (981.7, 130.0), (1023.8, 130.0), (1065.8, 130.0), (1107.9, 130.0), (1150.0, 130.0), (1192.1, 130.0), (1234.2, 130.0), (1276.2, 130.0), (1318.3, 130.0), (1360.4, 130.0), (1402.5, 130.0), (1444.6, 130.0), (1486.7, 130.0), (1528.8, 130.0), (1570.8, 130.0), (1612.9, 130.0), (1655.0, 130.0), (1697.1, 130.0), (1739.2, 130.0), (1781.2, 130.0), (1823.3, 130.0), (1865.4, 130.0), (1907.5, 130.0), (1949.6, 130.0), (1991.7, 130.0), (2033.8, 130.0), (2075.8, 130.0), (2117.9, 130.0)]

[Done] exited with code=0 in 0.42 seconds

[Running] python -u "c:\Users\Pablo\Downloads\generador_secuencia.py"
Imagen generada en: c:\Users\Pablo\Downloads\ejemplo.png
Coordenadas en p xeles (x, y) de cada elemento:
[(645.0, 130.0), (1150.0, 130.0), (1655.0, 130.0)]

[Done] exited with code=0 in 0.501 seconds

[Running] python -u "c:\Users\Pablo\Downloads\generador_secuencia.py"
Imagen generada en: c:\Users\Pablo\Downloads\prueba.png
Coordenadas en p xeles (x, y) de cada elemento:
[(227.8, 130.0), (315.7, 130.0), (403.5, 130.0), (491.3, 130.0), (579.1, 130.0), (667.0, 130.0), (754.8, 130.0), (842.6, 130.0), (930.4, 130.0), (1018.3, 130.0), (1106.1, 130.0), (1193.9, 130.0), (1281.7, 130.0), (1369.6, 130.0), (1457.4, 130.0), (1545.2, 130.0), (1633.0, 130.0), (1720.9, 130.0), (1808.7, 130.0), (1896.5, 130.0), (1984.3, 130.0), (2072.2, 130.0)]

[Done] exited with code=0 in 0.887 seconds

